CFG dominators for function 0x00008974 "strchr":
  function 0x00008974 dominator of 0x00008974<0> is none
CFG dominators for function 0x00008984 "updwtmp":
  function 0x00008984 dominator of 0x00008984<0> is none
CFG dominators for function 0x00008994 "pututline":
  function 0x00008994 dominator of 0x00008994<0> is none
CFG dominators for function 0x000089a4 "close":
  function 0x000089a4 dominator of 0x000089a4<0> is none
CFG dominators for function 0x000089b4 "getutid":
  function 0x000089b4 dominator of 0x000089b4<0> is none
CFG dominators for function 0x000089c4 "perror":
  function 0x000089c4 dominator of 0x000089c4<0> is none
CFG dominators for function 0x000089d4 "fprintf":
  function 0x000089d4 dominator of 0x000089d4<0> is none
CFG dominators for function 0x000089e4 "getenv":
  function 0x000089e4 dominator of 0x000089e4<0> is none
CFG dominators for function 0x000089f4 "reboot":
  function 0x000089f4 dominator of 0x000089f4<0> is none
CFG dominators for function 0x00008a04 "access":
  function 0x00008a04 dominator of 0x00008a04<0> is none
CFG dominators for function 0x00008a14 "malloc":
  function 0x00008a14 dominator of 0x00008a14<0> is none
CFG dominators for function 0x00008a24 "abort":
  function 0x00008a24 dominator of 0x00008a24<0> is none
CFG dominators for function 0x00008a34 "execv":
  function 0x00008a34 dominator of 0x00008a34<0> is none
CFG dominators for function 0x00008a44 "getopt":
  function 0x00008a44 dominator of 0x00008a44<0> is none
CFG dominators for function 0x00008a54 "fgets":
  function 0x00008a54 dominator of 0x00008a54<0> is none
CFG dominators for function 0x00008a64 "chdir":
  function 0x00008a64 dominator of 0x00008a64<0> is none
CFG dominators for function 0x00008a74 "sleep":
  function 0x00008a74 dominator of 0x00008a74<0> is none
CFG dominators for function 0x00008a84 "uname":
  function 0x00008a84 dominator of 0x00008a84<0> is none
CFG dominators for function 0x00008a94 "setutent":
  function 0x00008a94 dominator of 0x00008a94<0> is none
CFG dominators for function 0x00008aa4 "memcmp":
  function 0x00008aa4 dominator of 0x00008aa4<0> is none
CFG dominators for function 0x00008ab4 "__libc_start_main":
  function 0x00008ab4 dominator of 0x00008ab4<0> is none
CFG dominators for function 0x00008ac4 "endutent":
  function 0x00008ac4 dominator of 0x00008ac4<0> is none
CFG dominators for function 0x00008ad4 "getutent":
  function 0x00008ad4 dominator of 0x00008ad4<0> is none
CFG dominators for function 0x00008ae4 "memcpy":
  function 0x00008ae4 dominator of 0x00008ae4<0> is none
CFG dominators for function 0x00008af4 "fclose":
  function 0x00008af4 dominator of 0x00008af4<0> is none
CFG dominators for function 0x00008b04 "strrchr":
  function 0x00008b04 dominator of 0x00008b04<0> is none
CFG dominators for function 0x00008b14 "__strdup":
  function 0x00008b14 dominator of 0x00008b14<0> is none
CFG dominators for function 0x00008b24 "closedir":
  function 0x00008b24 dominator of 0x00008b24<0> is none
CFG dominators for function 0x00008b34 "gettimeofday":
  function 0x00008b34 dominator of 0x00008b34<0> is none
CFG dominators for function 0x00008b44 "opendir":
  function 0x00008b44 dominator of 0x00008b44<0> is none
CFG dominators for function 0x00008b54 "snprintf":
  function 0x00008b54 dominator of 0x00008b54<0> is none
CFG dominators for function 0x00008b64 "open":
  function 0x00008b64 dominator of 0x00008b64<0> is none
CFG dominators for function 0x00008b74 "exit":
  function 0x00008b74 dominator of 0x00008b74<0> is none
CFG dominators for function 0x00008b84 "free":
  function 0x00008b84 dominator of 0x00008b84<0> is none
CFG dominators for function 0x00008b94 "ioctl":
  function 0x00008b94 dominator of 0x00008b94<0> is none
CFG dominators for function 0x00008ba4 "memset":
  function 0x00008ba4 dominator of 0x00008ba4<0> is none
CFG dominators for function 0x00008bb4 "strncpy":
  function 0x00008bb4 dominator of 0x00008bb4<0> is none
CFG dominators for function 0x00008bc4 "fopen":
  function 0x00008bc4 dominator of 0x00008bc4<0> is none
CFG dominators for function 0x00008bd4 "kill":
  function 0x00008bd4 dominator of 0x00008bd4<0> is none
CFG dominators for function 0x00008be4 "fwrite":
  function 0x00008be4 dominator of 0x00008be4<0> is none
CFG dominators for function 0x00008bf4 "socket":
  function 0x00008bf4 dominator of 0x00008bf4<0> is none
CFG dominators for function 0x00008c04 "readdir":
  function 0x00008c04 dominator of 0x00008c04<0> is none
CFG dominators for function 0x00008c14 "geteuid":
  function 0x00008c14 dominator of 0x00008c14<0> is none
CFG dominators for function 0x00008c24 "sync":
  function 0x00008c24 dominator of 0x00008c24<0> is none
CFG dominators for function 0x00008c34 "_start":
  function 0x00008c34 dominator of 0x00008c34<0> is none
