V,<unstable>,a,<unstable>,<unstable>,1
V,<unstable>,a3,<unstable>,<unstable>,1
V,<unstable>,a4,<unstable>,<unstable>,1
V,<unstable>,ar,<unstable>,<unstable>,1
V,<unstable>,a6,<unstable>,<unstable>,1
F,<unstable>,func,<unstable>,<unstable>,1
F,<unstable>,mf,<unstable>,<unstable>,1
F,<unstable>,smf2,<unstable>,<unstable>,1
