@@ -26,29 +26,28 @@
   <   0x00008820 0x0000000c 0x0000882c  0x00000000 0x00010820 0x0000000c 0x0001082c rw-   16 .data
   <   0x0000882c 0x000000c8 0x000088f4  0x00000000 0x0001082c 0x000000c8 0x000108f4 rw-   17 .dynamic
   <   0x000088f4 0x00000008 0x000088fc  0x00000000 0x000108f4 0x00000008 0x000108fc rw-   18 .ctors
   <   0x000088fc 0x00000008 0x00008904  0x00000000 0x000108fc 0x00000008 0x00010904 rw-   19 .dtors
   <   0x00008904 0x00000004 0x00008908  0x00000000 0x00010904 0x00000004 0x00010908 rw-   20 .jcr
   <   0x00008908 0x00000040 0x00008948  0x00000000 0x00010908 0x00000040 0x00010948 rw-   21 .got
       0x00008948 0x00000000 0x00008948  0x00000000 0x00010948 0x00000008 0x00010950 rw-   22 .bss
       0x00008948 0x00000018 0x00008960                                                    23 .gnu_debuglink
       0x00008960 0x000000c4 0x00008a24                                                    24 .shstrtab
       0x00008a24 0x000003e8 0x00008e0c                                                       ELF Section Table
-      0x00008e0c                                                                             EOF (original EOF was 0x00000e0c)
+      0x00008e0c                                                                             EOF
   --- ---------- ---------- ----------  ---------- ---------- ---------- ---------- ---- --- -----------------
 These parts of the file have not been referenced during parsing:
     [0]  = offset 0x000000f4 (244), for 0x00000088 (136) bytes, ending at 0x0000017c (380)
-    [1]  = offset 0x00000311 (785), for 0x0000004b (75) bytes, ending at 0x0000035c (860)
-    [2]  = offset 0x000003cc (972), for 0x00000450 (1104) bytes, ending at 0x0000081c (2076)
-    [3]  = offset 0x00000820 (2080), for 0x0000000c (12) bytes, ending at 0x0000082c (2092)
-    [4]  = offset 0x000008f4 (2292), for 0x0000006c (108) bytes, ending at 0x00000960 (2400)
-    [5]  = offset 0x00000e0c (3596), for 0x00008000 (32768) bytes, ending at 0x00008e0c (36364)
+    [1]  = offset 0x00000311 (785), for 0x0000804b (32843) bytes, ending at 0x0000835c (33628)
+    [2]  = offset 0x000083cc (33740), for 0x00000450 (1104) bytes, ending at 0x0000881c (34844)
+    [3]  = offset 0x00008820 (34848), for 0x0000000c (12) bytes, ending at 0x0000882c (34860)
+    [4]  = offset 0x000088f4 (35060), for 0x0000006c (108) bytes, ending at 0x00008960 (35168)
 Section [0]:
   ElfFileHeader.Header.Section.name                              = "ELF File Header"
   ElfFileHeader.Header.Section.id                                = -1
   ElfFileHeader.Header.Section.offset                            = 0x00000000 (0) bytes into file
   ElfFileHeader.Header.Section.size                              = 0x00000034 (52) bytes
   ElfFileHeader.Header.Section.file_alignment                    = not specified
   ElfFileHeader.Header.Section.synthesized                       = yes
   ElfFileHeader.Header.Section.header                            = not associated
   ElfFileHeader.Header.Section.purpose                           = executable format header
   ElfFileHeader.Header.Section.mapped                            = <not mapped>
@@ -59,30 +58,29 @@
   ElfFileHeader.Header.Format.sex                                = little-endian
   ElfFileHeader.Header.Format.version                            = 1 (current)
   ElfFileHeader.Header.Format.ABI                                = unspecified
   ElfFileHeader.Header.Format.ABIvers                            = 0
   ElfFileHeader.Header.Format.wordsize                           = 4
   ElfFileHeader.Header.ins_arch                                  = 0x900
   ElfFileHeader.Header.magic                                     = "\177ELF"
   ElfFileHeader.Header.loader_map: va 0x00008000 + 0x000000f4 = 0x000080f4 r-x at base aaa  + 0x00000000
   ElfFileHeader.Header.loader_map: va 0x000080f4 + 0x00000013 = 0x00008107 r-- at base aaa  + 0x000000f4
   ElfFileHeader.Header.loader_map: va 0x00008107 + 0x00000001 = 0x00008108 r-x at base aaa  + 0x00000107
-  ElfFileHeader.Header.loader_map: va 0x00008108 + 0x00000213 = 0x0000831b r-- at base aaa  + 0x00000108
-  ElfFileHeader.Header.loader_map: va 0x0000831b + 0x00000001 = 0x0000831c r-x at base aaa  + 0x0000031b
-  ElfFileHeader.Header.loader_map: va 0x0000831c + 0x000000b0 = 0x000083cc r-- at base aaa  + 0x0000031c
-  ElfFileHeader.Header.loader_map: va 0x000083cc + 0x000003ac = 0x00008778 r-x at base aaa  + 0x000003cc
-  ElfFileHeader.Header.loader_map: va 0x00008778 + 0x000000a8 = 0x00008820 r-- at base aaa  + 0x00000778
-  ElfFileHeader.Header.loader_map: va 0x00008820 + 0x000005ec = 0x00008e0c r-x at base aaa  + 0x00000820
-  ElfFileHeader.Header.loader_map: va 0x00008e0c + 0x000071f4 = 0x00010000 r-x at anonymous + 0x00000000
-  ElfFileHeader.Header.loader_map: va 0x00010000 + 0x00000948 = 0x00010948 rw- at base aaa  + 0x00000000
+  ElfFileHeader.Header.loader_map: va 0x00008108 + 0x00000214 = 0x0000831c r-- at base aaa  + 0x00000108
+  ElfFileHeader.Header.loader_map: va 0x0000831c + 0x00000004 = 0x00008320 r-x at base aaa  + 0x0000031c
+  ElfFileHeader.Header.loader_map: va 0x00008320 + 0x000000b0 = 0x000083d0 r-- at base aaa  + 0x0000831c
+  ElfFileHeader.Header.loader_map: va 0x000083d0 + 0x000003ac = 0x0000877c r-x at base aaa  + 0x000083cc
+  ElfFileHeader.Header.loader_map: va 0x0000877c + 0x000000a8 = 0x00008824 r-- at base aaa  + 0x00008778
+  ElfFileHeader.Header.loader_map: va 0x00008824 + 0x000077dc = 0x00010000 r-x at base aaa  + 0x00000824
+  ElfFileHeader.Header.loader_map: va 0x00010000 + 0x00000948 = 0x00010948 rw- at base aaa  + 0x00008000
   ElfFileHeader.Header.loader_map: va 0x00010948 + 0x00000008 = 0x00010950 rw- at anonymous + 0x00000000
-  ElfFileHeader.Header.loader_map: va 0x00010950 + 0x000004bc = 0x00010e0c rw- at base aaa  + 0x00000950
+  ElfFileHeader.Header.loader_map: va 0x00010950 + 0x000004bc = 0x00010e0c rw- at base aaa  + 0x00008950
   ElfFileHeader.Header.loader_map: va 0x00010e0c + 0x000071f4 = 0x00018000 rw- at anonymous + 0x00000000
   ElfFileHeader.Header.base_va                                   = 0x00000000 (0)
   ElfFileHeader.Header.entry_rva.size                            = 1 entry points
   ElfFileHeader.Header.entry_rva[0]                              = 0x000084b4 (33972)
   ElfFileHeader.Header.entry_rva[0]                                is 0x00000000 (0) bytes into section [12] ".text"
   ElfFileHeader.Header.entry_rva[0]                                is 0x000004b4 (1204) bytes into section [-1] "ELF Load (segment 2)"
   ElfFileHeader.Header.section                                   = 30 sections
   ElfFileHeader.Header.section[0]                                = [-1] "ELF Section Table"
   ElfFileHeader.Header.section[1]                                = [24] ".shstrtab"
   ElfFileHeader.Header.section[2]                                = [0] ""
@@ -510,36 +508,35 @@
   ElfStringSection.Strtab.StringStorage[9].sec,offset,val        = section [5] ".dynstr", offset 0x00000059 (89), "stderr"
   ElfStringSection.Strtab.StringStorage[10].sec,offset,val       = section [5] ".dynstr", offset 0x00000029 (41), "abort"
   ElfStringSection.Strtab.StringStorage[11].sec,offset,val       = section [5] ".dynstr", offset 0x00000065 (101), "bindtextdomain"
   ElfStringSection.Strtab.StringStorage[12].sec,offset,val       = section [5] ".dynstr", offset 0x00000048 (72), "memcmp"
   ElfStringSection.Strtab.StringStorage[13].sec,offset,val       = section [5] ".dynstr", offset 0x00000083 (131), "__libc_start_main"
   ElfStringSection.Strtab.StringStorage[14].sec,offset,val       = section [5] ".dynstr", offset 0x00000069 (105), "textdomain"
   ElfStringSection.Strtab.StringStorage[15].sec,offset,val       = section [5] ".dynstr", offset 0x00000060 (96), "exit"
   ElfStringSection.Strtab.StringStorage[16].sec,offset,val       = section [5] ".dynstr", offset 0x00000074 (116), "_IO_stdin_used"
   ElfStringSection.Strtab.StringStorage[17].sec,offset,val       = section [5] ".dynstr", offset 0x0000001a (26), "geteuid"
   ElfStringSection.Strtab.StringStorage[18].sec,offset,val       = section [5] ".dynstr", offset 0x00000001 (1), "__gmon_start__"
-  ElfStringSection.Strtab.freelist                               = 1 free regions
-  ElfStringSection.Strtab.freelist[0]                            = offset 0x0000009f (159), for 0x00000001 (1) byte, ending at 0x000000a0 (160)
+  ElfStringSection.Strtab.freelist                               = 0 free regions
 Section [7]:
   ElfSection.Section.name                                        = ".gnu.version_r"
   ElfSection.Section.id                                          = 7
   ElfSection.Section.offset                                      = 0x0000833c (33596) bytes into file
   ElfSection.Section.size                                        = 0x00000020 (32) bytes
   ElfSection.Section.file_alignment                              = 0x00000004 (4) satisfied
   ElfSection.Section.synthesized                                 = no
   ElfSection.Section.header                                      = "ELF File Header"
   ElfSection.Section.purpose                                     = other
   ElfSection.Section.mapped                                      = rva=0x00008340, size=32 bytes
   ElfSection.Section.mapped_alignment                            = 0x00000004 (4) satisfied
   ElfSection.Section.permissions                                 = r--
   ElfSection.Section.contains_code                               = false
-  ElfSection.Section.mapped_actual_rva                           = 0x0000833c (33596) 
+  ElfSection.Section.mapped_actual_rva                           = 0x00008340 (33600) 
   ElfSection.ElfSectionTableEntry.sh_name                        = 68 bytes into strtab
   ElfSection.ElfSectionTableEntry.sh_type                        = 0x6ffffffe (1879048190) unknown
   ElfSection.ElfSectionTableEntry.sh_link                        = 5
   ElfSection.ElfSectionTableEntry.sh_info                        = 1
   ElfSection.ElfSectionTableEntry.sh_flags                       = 0x00000002
   ElfSection.ElfSectionTableEntry.sh_addr                        = 0x00008340 (33600)
   ElfSection.ElfSectionTableEntry.sh_offset                      = 0x0000833c (33596) bytes into file
   ElfSection.ElfSectionTableEntry.sh_size                        = 0x00000020 (32) bytes
   ElfSection.ElfSectionTableEntry.sh_addralign                   = 0x00000004 (4) bytes
   ElfSection.ElfSectionTableEntry.sh_entsize                     = 0x00000000 (0) bytes
@@ -550,21 +547,21 @@
   ElfSection.Section.offset                                      = 0x000083cc (33740) bytes into file
   ElfSection.Section.size                                        = 0x00000014 (20) bytes
   ElfSection.Section.file_alignment                              = 0x00000004 (4) satisfied
   ElfSection.Section.synthesized                                 = no
   ElfSection.Section.header                                      = "ELF File Header"
   ElfSection.Section.purpose                                     = program-supplied data/code/etc
   ElfSection.Section.mapped                                      = rva=0x000083d0, size=20 bytes
   ElfSection.Section.mapped_alignment                            = 0x00000004 (4) satisfied
   ElfSection.Section.permissions                                 = r-x
   ElfSection.Section.contains_code                               = false
-  ElfSection.Section.mapped_actual_rva                           = 0x000083cc (33740) 
+  ElfSection.Section.mapped_actual_rva                           = 0x000083d0 (33744) 
   ElfSection.ElfSectionTableEntry.sh_name                        = 101 bytes into strtab
   ElfSection.ElfSectionTableEntry.sh_type                        = 0x1 (1) SHT_PROGBITS
   ElfSection.ElfSectionTableEntry.sh_link                        = 0
   ElfSection.ElfSectionTableEntry.sh_info                        = 0
   ElfSection.ElfSectionTableEntry.sh_flags                       = 0x00000006
   ElfSection.ElfSectionTableEntry.sh_addr                        = 0x000083d0 (33744)
   ElfSection.ElfSectionTableEntry.sh_offset                      = 0x000083cc (33740) bytes into file
   ElfSection.ElfSectionTableEntry.sh_size                        = 0x00000014 (20) bytes
   ElfSection.ElfSectionTableEntry.sh_addralign                   = 0x00000004 (4) bytes
   ElfSection.ElfSectionTableEntry.sh_entsize                     = 0x00000000 (0) bytes
@@ -575,21 +572,21 @@
   ElfSection.Section.offset                                      = 0x000083e0 (33760) bytes into file
   ElfSection.Section.size                                        = 0x000000d0 (208) bytes
   ElfSection.Section.file_alignment                              = 0x00000004 (4) satisfied
   ElfSection.Section.synthesized                                 = no
   ElfSection.Section.header                                      = "ELF File Header"
   ElfSection.Section.purpose                                     = program-supplied data/code/etc
   ElfSection.Section.mapped                                      = rva=0x000083e4, size=208 bytes
   ElfSection.Section.mapped_alignment                            = 0x00000004 (4) satisfied
   ElfSection.Section.permissions                                 = r-x
   ElfSection.Section.contains_code                               = false
-  ElfSection.Section.mapped_actual_rva                           = 0x000083e0 (33760) 
+  ElfSection.Section.mapped_actual_rva                           = 0x000083e4 (33764) 
   ElfSection.ElfSectionTableEntry.sh_name                        = 96 bytes into strtab
   ElfSection.ElfSectionTableEntry.sh_type                        = 0x1 (1) SHT_PROGBITS
   ElfSection.ElfSectionTableEntry.sh_link                        = 0
   ElfSection.ElfSectionTableEntry.sh_info                        = 0
   ElfSection.ElfSectionTableEntry.sh_flags                       = 0x00000006
   ElfSection.ElfSectionTableEntry.sh_addr                        = 0x000083e4 (33764)
   ElfSection.ElfSectionTableEntry.sh_offset                      = 0x000083e0 (33760) bytes into file
   ElfSection.ElfSectionTableEntry.sh_size                        = 0x000000d0 (208) bytes
   ElfSection.ElfSectionTableEntry.sh_addralign                   = 0x00000004 (4) bytes
   ElfSection.ElfSectionTableEntry.sh_entsize                     = 0x00000004 (4) bytes
@@ -600,21 +597,21 @@
   ElfSection.Section.offset                                      = 0x000084b0 (33968) bytes into file
   ElfSection.Section.size                                        = 0x000002bc (700) bytes
   ElfSection.Section.file_alignment                              = 0x00000004 (4) satisfied
   ElfSection.Section.synthesized                                 = no
   ElfSection.Section.header                                      = "ELF File Header"
   ElfSection.Section.purpose                                     = program-supplied data/code/etc
   ElfSection.Section.mapped                                      = rva=0x000084b4, size=700 bytes
   ElfSection.Section.mapped_alignment                            = 0x00000004 (4) satisfied
   ElfSection.Section.permissions                                 = r-x
   ElfSection.Section.contains_code                               = false
-  ElfSection.Section.mapped_actual_rva                           = 0x000084b0 (33968) 
+  ElfSection.Section.mapped_actual_rva                           = 0x000084b4 (33972) 
   ElfSection.ElfSectionTableEntry.sh_name                        = 107 bytes into strtab
   ElfSection.ElfSectionTableEntry.sh_type                        = 0x1 (1) SHT_PROGBITS
   ElfSection.ElfSectionTableEntry.sh_link                        = 0
   ElfSection.ElfSectionTableEntry.sh_info                        = 0
   ElfSection.ElfSectionTableEntry.sh_flags                       = 0x00000006
   ElfSection.ElfSectionTableEntry.sh_addr                        = 0x000084b4 (33972)
   ElfSection.ElfSectionTableEntry.sh_offset                      = 0x000084b0 (33968) bytes into file
   ElfSection.ElfSectionTableEntry.sh_size                        = 0x000002bc (700) bytes
   ElfSection.ElfSectionTableEntry.sh_addralign                   = 0x00000004 (4) bytes
   ElfSection.ElfSectionTableEntry.sh_entsize                     = 0x00000000 (0) bytes
@@ -625,21 +622,21 @@
   ElfSection.Section.offset                                      = 0x0000876c (34668) bytes into file
   ElfSection.Section.size                                        = 0x0000000c (12) bytes
   ElfSection.Section.file_alignment                              = 0x00000004 (4) satisfied
   ElfSection.Section.synthesized                                 = no
   ElfSection.Section.header                                      = "ELF File Header"
   ElfSection.Section.purpose                                     = program-supplied data/code/etc
   ElfSection.Section.mapped                                      = rva=0x00008770, size=12 bytes
   ElfSection.Section.mapped_alignment                            = 0x00000004 (4) satisfied
   ElfSection.Section.permissions                                 = r-x
   ElfSection.Section.contains_code                               = false
-  ElfSection.Section.mapped_actual_rva                           = 0x0000876c (34668) 
+  ElfSection.Section.mapped_actual_rva                           = 0x00008770 (34672) 
   ElfSection.ElfSectionTableEntry.sh_name                        = 113 bytes into strtab
   ElfSection.ElfSectionTableEntry.sh_type                        = 0x1 (1) SHT_PROGBITS
   ElfSection.ElfSectionTableEntry.sh_link                        = 0
   ElfSection.ElfSectionTableEntry.sh_info                        = 0
   ElfSection.ElfSectionTableEntry.sh_flags                       = 0x00000006
   ElfSection.ElfSectionTableEntry.sh_addr                        = 0x00008770 (34672)
   ElfSection.ElfSectionTableEntry.sh_offset                      = 0x0000876c (34668) bytes into file
   ElfSection.ElfSectionTableEntry.sh_size                        = 0x0000000c (12) bytes
   ElfSection.ElfSectionTableEntry.sh_addralign                   = 0x00000004 (4) bytes
   ElfSection.ElfSectionTableEntry.sh_entsize                     = 0x00000000 (0) bytes
@@ -650,21 +647,21 @@
   ElfSection.Section.offset                                      = 0x00008778 (34680) bytes into file
   ElfSection.Section.size                                        = 0x000000a3 (163) bytes
   ElfSection.Section.file_alignment                              = 0x00000004 (4) satisfied
   ElfSection.Section.synthesized                                 = no
   ElfSection.Section.header                                      = "ELF File Header"
   ElfSection.Section.purpose                                     = program-supplied data/code/etc
   ElfSection.Section.mapped                                      = rva=0x0000877c, size=163 bytes
   ElfSection.Section.mapped_alignment                            = 0x00000004 (4) satisfied
   ElfSection.Section.permissions                                 = r--
   ElfSection.Section.contains_code                               = false
-  ElfSection.Section.mapped_actual_rva                           = 0x00008778 (34680) 
+  ElfSection.Section.mapped_actual_rva                           = 0x0000877c (34684) 
   ElfSection.ElfSectionTableEntry.sh_name                        = 119 bytes into strtab
   ElfSection.ElfSectionTableEntry.sh_type                        = 0x1 (1) SHT_PROGBITS
   ElfSection.ElfSectionTableEntry.sh_link                        = 0
   ElfSection.ElfSectionTableEntry.sh_info                        = 0
   ElfSection.ElfSectionTableEntry.sh_flags                       = 0x00000002
   ElfSection.ElfSectionTableEntry.sh_addr                        = 0x0000877c (34684)
   ElfSection.ElfSectionTableEntry.sh_offset                      = 0x00008778 (34680) bytes into file
   ElfSection.ElfSectionTableEntry.sh_size                        = 0x000000a3 (163) bytes
   ElfSection.ElfSectionTableEntry.sh_addralign                   = 0x00000004 (4) bytes
   ElfSection.ElfSectionTableEntry.sh_entsize                     = 0x00000000 (0) bytes
@@ -675,21 +672,21 @@
   ElfEHFrameSection.ElfSection.Section.offset                    = 0x0000881c (34844) bytes into file
   ElfEHFrameSection.ElfSection.Section.size                      = 0x00000004 (4) bytes
   ElfEHFrameSection.ElfSection.Section.file_alignment            = 0x00000004 (4) satisfied
   ElfEHFrameSection.ElfSection.Section.synthesized               = no
   ElfEHFrameSection.ElfSection.Section.header                    = "ELF File Header"
   ElfEHFrameSection.ElfSection.Section.purpose                   = program-supplied data/code/etc
   ElfEHFrameSection.ElfSection.Section.mapped                    = rva=0x00008820, size=4 bytes
   ElfEHFrameSection.ElfSection.Section.mapped_alignment          = 0x00000004 (4) satisfied
   ElfEHFrameSection.ElfSection.Section.permissions               = r--
   ElfEHFrameSection.ElfSection.Section.contains_code             = false
-  ElfEHFrameSection.ElfSection.Section.mapped_actual_rva         = 0x0000881c (34844) 
+  ElfEHFrameSection.ElfSection.Section.mapped_actual_rva         = 0x00008820 (34848) 
   ElfEHFrameSection.ElfSection.ElfSectionTableEntry.sh_name      = 127 bytes into strtab
   ElfEHFrameSection.ElfSection.ElfSectionTableEntry.sh_type      = 0x1 (1) SHT_PROGBITS
   ElfEHFrameSection.ElfSection.ElfSectionTableEntry.sh_link      = 0
   ElfEHFrameSection.ElfSection.ElfSectionTableEntry.sh_info      = 0
   ElfEHFrameSection.ElfSection.ElfSectionTableEntry.sh_flags     = 0x00000002
   ElfEHFrameSection.ElfSection.ElfSectionTableEntry.sh_addr      = 0x00008820 (34848)
   ElfEHFrameSection.ElfSection.ElfSectionTableEntry.sh_offset    = 0x0000881c (34844) bytes into file
   ElfEHFrameSection.ElfSection.ElfSectionTableEntry.sh_size      = 0x00000004 (4) bytes
   ElfEHFrameSection.ElfSection.ElfSectionTableEntry.sh_addralign = 0x00000004 (4) bytes
   ElfEHFrameSection.ElfSection.ElfSectionTableEntry.sh_entsize   = 0x00000000 (0) bytes
@@ -1155,21 +1152,21 @@
   ElfSection.Section.offset                                      = 0x0000831c (33564) bytes into file
   ElfSection.Section.size                                        = 0x00000020 (32) bytes
   ElfSection.Section.file_alignment                              = 0x00000002 (2) satisfied
   ElfSection.Section.synthesized                                 = no
   ElfSection.Section.header                                      = "ELF File Header"
   ElfSection.Section.purpose                                     = other
   ElfSection.Section.mapped                                      = rva=0x00008320, size=32 bytes
   ElfSection.Section.mapped_alignment                            = 0x00000002 (2) satisfied
   ElfSection.Section.permissions                                 = r--
   ElfSection.Section.contains_code                               = false
-  ElfSection.Section.mapped_actual_rva                           = 0x0000831c (33564) 
+  ElfSection.Section.mapped_actual_rva                           = 0x00008320 (33568) 
   ElfSection.ElfSectionTableEntry.sh_name                        = 55 bytes into strtab
   ElfSection.ElfSectionTableEntry.sh_type                        = 0x6fffffff (1879048191) unknown
   ElfSection.ElfSectionTableEntry.sh_link                        = 4
   ElfSection.ElfSectionTableEntry.sh_info                        = 0
   ElfSection.ElfSectionTableEntry.sh_flags                       = 0x00000002
   ElfSection.ElfSectionTableEntry.sh_addr                        = 0x00008320 (33568)
   ElfSection.ElfSectionTableEntry.sh_offset                      = 0x0000831c (33564) bytes into file
   ElfSection.ElfSectionTableEntry.sh_size                        = 0x00000020 (32) bytes
   ElfSection.ElfSectionTableEntry.sh_addralign                   = 0x00000002 (2) bytes
   ElfSection.ElfSectionTableEntry.sh_entsize                     = 0x00000002 (2) bytes
@@ -1180,21 +1177,21 @@
   RelocSection.ElfSection.Section.offset                         = 0x0000835c (33628) bytes into file
   RelocSection.ElfSection.Section.size                           = 0x00000010 (16) bytes
   RelocSection.ElfSection.Section.file_alignment                 = 0x00000004 (4) satisfied
   RelocSection.ElfSection.Section.synthesized                    = no
   RelocSection.ElfSection.Section.header                         = "ELF File Header"
   RelocSection.ElfSection.Section.purpose                        = other
   RelocSection.ElfSection.Section.mapped                         = rva=0x00008360, size=16 bytes
   RelocSection.ElfSection.Section.mapped_alignment               = 0x00000004 (4) satisfied
   RelocSection.ElfSection.Section.permissions                    = r--
   RelocSection.ElfSection.Section.contains_code                  = false
-  RelocSection.ElfSection.Section.mapped_actual_rva              = 0x0000835c (33628) 
+  RelocSection.ElfSection.Section.mapped_actual_rva              = 0x00008360 (33632) 
   RelocSection.ElfSection.ElfSectionTableEntry.sh_name           = 83 bytes into strtab
   RelocSection.ElfSection.ElfSectionTableEntry.sh_type           = 0x9 (9) SHT_REL
   RelocSection.ElfSection.ElfSectionTableEntry.sh_link           = 4
   RelocSection.ElfSection.ElfSectionTableEntry.sh_info           = 0
   RelocSection.ElfSection.ElfSectionTableEntry.sh_flags          = 0x00000002
   RelocSection.ElfSection.ElfSectionTableEntry.sh_addr           = 0x00008360 (33632)
   RelocSection.ElfSection.ElfSectionTableEntry.sh_offset         = 0x0000835c (33628) bytes into file
   RelocSection.ElfSection.ElfSectionTableEntry.sh_size           = 0x00000010 (16) bytes
   RelocSection.ElfSection.ElfSectionTableEntry.sh_addralign      = 0x00000004 (4) bytes
   RelocSection.ElfSection.ElfSectionTableEntry.sh_entsize        = 0x00000008 (8) bytes
@@ -1209,21 +1206,21 @@
   RelocSection.ElfSection.Section.offset                         = 0x0000836c (33644) bytes into file
   RelocSection.ElfSection.Section.size                           = 0x00000060 (96) bytes
   RelocSection.ElfSection.Section.file_alignment                 = 0x00000004 (4) satisfied
   RelocSection.ElfSection.Section.synthesized                    = no
   RelocSection.ElfSection.Section.header                         = "ELF File Header"
   RelocSection.ElfSection.Section.purpose                        = other
   RelocSection.ElfSection.Section.mapped                         = rva=0x00008370, size=96 bytes
   RelocSection.ElfSection.Section.mapped_alignment               = 0x00000004 (4) satisfied
   RelocSection.ElfSection.Section.permissions                    = r--
   RelocSection.ElfSection.Section.contains_code                  = false
-  RelocSection.ElfSection.Section.mapped_actual_rva              = 0x0000836c (33644) 
+  RelocSection.ElfSection.Section.mapped_actual_rva              = 0x00008370 (33648) 
   RelocSection.ElfSection.ElfSectionTableEntry.sh_name           = 92 bytes into strtab
   RelocSection.ElfSection.ElfSectionTableEntry.sh_type           = 0x9 (9) SHT_REL
   RelocSection.ElfSection.ElfSectionTableEntry.sh_link           = 4
   RelocSection.ElfSection.ElfSectionTableEntry.sh_info           = 11
   RelocSection.ElfSection.ElfSectionTableEntry.sh_flags          = 0x00000002
   RelocSection.ElfSection.ElfSectionTableEntry.sh_addr           = 0x00008370 (33648)
   RelocSection.ElfSection.ElfSectionTableEntry.sh_offset         = 0x0000836c (33644) bytes into file
   RelocSection.ElfSection.ElfSectionTableEntry.sh_size           = 0x00000060 (96) bytes
   RelocSection.ElfSection.ElfSectionTableEntry.sh_addralign      = 0x00000004 (4) bytes
   RelocSection.ElfSection.ElfSectionTableEntry.sh_entsize        = 0x00000008 (8) bytes
