=====================================================================================
=== Starting a new basic block                                                    ===
=====================================================================================
0x80482c8:push   ebp
0x80482c9:mov    ebp, esp
0x80482cb:sub    esp, 0x08
0x80482ce:call   0x08048364
=====================================================================================
=== Starting a new basic block                                                    ===
=====================================================================================
0x80482d3:call   0x080483d0
=====================================================================================
=== Starting a new basic block                                                    ===
=====================================================================================
0x80482d8:call   0x08048580
=====================================================================================
=== Starting a new basic block                                                    ===
=====================================================================================
0x80482dd:leave  
0x80482de:ret    
=====================================================================================
=== Starting a new basic block                                                    ===
=====================================================================================
0x80482df:add    bh, bh
0x80482e1:xor    eax, 0x080496cc
0x80482e6:jmp    DWORD PTR ds:[0x080496d0]                                  no-change
=====================================================================================
=== Starting a new basic block                                                    ===
=====================================================================================
0x80482e0:push   DWORD PTR ds:[0x080496cc]
=====================================================================================
=== Starting a new basic block                                                    ===
=====================================================================================
0x80482ec:add    BYTE PTR ds:[eax], al
0x80482ee:add    BYTE PTR ds:[eax], al
0x80482f0:jmp    DWORD PTR ds:[0x080496d4]                                  no-change
=====================================================================================
=== Starting a new basic block                                                    ===
=====================================================================================
0x80482f6:push   0x00000000
0x80482fb:jmp    0x080482e0                                                 no-change
=====================================================================================
=== Starting a new basic block                                                    ===
=====================================================================================
0x8048300:jmp    DWORD PTR ds:[0x080496d8]                                  no-change
=====================================================================================
=== Starting a new basic block                                                    ===
=====================================================================================
0x8048306:push   0x00000008
0x804830b:jmp    0x080482e0                                                 no-change
=====================================================================================
=== Starting a new basic block                                                    ===
=====================================================================================
0x8048310:jmp    DWORD PTR ds:[0x080496dc]                                  no-change
=====================================================================================
=== Starting a new basic block                                                    ===
=====================================================================================
0x8048316:push   0x00000010
0x804831b:jmp    0x080482e0                                                 no-change
=====================================================================================
=== Starting a new basic block                                                    ===
=====================================================================================
0x8048320:jmp    DWORD PTR ds:[0x080496e0]                                  no-change
=====================================================================================
=== Starting a new basic block                                                    ===
=====================================================================================
0x8048326:push   0x00000018
0x804832b:jmp    0x080482e0                                                 no-change
=====================================================================================
=== Starting a new basic block                                                    ===
=====================================================================================
0x8048330:jmp    DWORD PTR ds:[0x080496e4]                                  no-change
=====================================================================================
=== Starting a new basic block                                                    ===
=====================================================================================
0x8048336:push   0x00000020
0x804833b:jmp    0x080482e0                                                 no-change
=====================================================================================
=== Starting a new basic block                                                    ===
=====================================================================================
0x8048340:xor    ebp, ebp
0x8048342:pop    esi
0x8048343:mov    ecx, esp
0x8048345:and    esp, 0xf0(-0x10)
0x8048348:push   eax
0x8048349:push   esp
0x804834a:push   edx
0x804834b:push   0x08048520
0x8048350:push   0x080484b0
0x8048355:push   ecx
0x8048356:push   esi
0x8048357:push   0x08048410
0x804835c:call   0x08048310
=====================================================================================
=== Starting a new basic block                                                    ===
=====================================================================================
0x8048361:hlt                                                               no-change
=====================================================================================
=== Starting a new basic block                                                    ===
=====================================================================================
0x8048362:nop                                                               no-change
0x8048363:nop                                                               no-change
0x8048364:push   ebp
0x8048365:mov    ebp, esp
0x8048367:push   ebx
0x8048368:push   ecx
0x8048369:call   0x0804836e
=====================================================================================
=== Starting a new basic block                                                    ===
=====================================================================================
0x804836e:pop    ebx
0x804836f:add    ebx, 0x0000135a
0x8048375:mov    edx, DWORD PTR ds:[ebx + 0xfffffffc(-0x00000004)]
0x804837b:test   edx, edx
0x804837d:je     0x08048384                                                 no-change
=====================================================================================
=== Starting a new basic block                                                    ===
=====================================================================================
0x804837f:call   0x08048330
=====================================================================================
=== Starting a new basic block                                                    ===
=====================================================================================
0x8048384:pop    eax
0x8048385:pop    ebx
0x8048386:leave  
0x8048387:ret    
=====================================================================================
=== Starting a new basic block                                                    ===
=====================================================================================
0x8048388:nop                                                               no-change
0x8048389:nop                                                               no-change
0x804838a:nop                                                               no-change
0x804838b:nop                                                               no-change
0x804838c:nop                                                               no-change
0x804838d:nop                                                               no-change
0x804838e:nop                                                               no-change
0x804838f:nop                                                               no-change
0x8048390:push   ebp
0x8048391:mov    ebp, esp
0x8048393:sub    esp, 0x08
0x8048396:cmp    BYTE PTR ds:[0x080496f4], 0x00
0x804839d:jne    0x080483cc                                                 no-change
=====================================================================================
=== Starting a new basic block                                                    ===
=====================================================================================
0x804839f:mov    eax, DWORD PTR ds:[0x080496f0]
0x80483a4:mov    edx, DWORD PTR ds:[eax]
0x80483a6:test   edx, edx
0x80483a8:je     0x080483c5                                                 no-change
=====================================================================================
=== Starting a new basic block                                                    ===
=====================================================================================
0x80483aa:lea    esi, [esi + 0x00000000]                                    no-change
0x80483b0:add    eax, 0x04
0x80483b3:mov    DWORD PTR ds:[0x080496f0], eax                             no-change
0x80483b8:call   edx
=====================================================================================
=== Starting a new basic block                                                    ===
=====================================================================================
0x80483ba:mov    eax, DWORD PTR ds:[0x080496f0]
0x80483bf:mov    edx, DWORD PTR ds:[eax]
0x80483c1:test   edx, edx
0x80483c3:jne    0x080483b0                                                 no-change
=====================================================================================
=== Starting a new basic block                                                    ===
=====================================================================================
0x80483c5:mov    BYTE PTR ds:[0x080496f4], 0x01                             no-change
0x80483cc:leave  
0x80483cd:ret    
=====================================================================================
=== Starting a new basic block                                                    ===
=====================================================================================
0x80483ce:mov    esi, esi                                                   no-change
0x80483d0:push   ebp
0x80483d1:mov    ebp, esp
0x80483d3:sub    esp, 0x08
0x80483d6:mov    eax, DWORD PTR ds:[0x080495f8]
0x80483db:test   eax, eax
0x80483dd:je     0x08048400                                                 no-change
=====================================================================================
=== Starting a new basic block                                                    ===
=====================================================================================
0x80483df:mov    eax, 0x00000000
0x80483e4:test   eax, eax
0x80483e6:je     0x08048400                                                 no-change
=====================================================================================
=== Starting a new basic block                                                    ===
=====================================================================================
0x80483e8:mov    DWORD PTR ss:[esp], 0x080495f8                             no-change
0x80483ef:call   0x00000000
=====================================================================================
=== Starting a new basic block                                                    ===
=====================================================================================
0x80483f4:lea    esi, [esi + 0x00000000]                                    no-change
0x80483fa:lea    edi, [edi + 0x00000000]                                    no-change
0x8048400:mov    esp, ebp
0x8048402:pop    ebp
0x8048403:ret    
=====================================================================================
=== Starting a new basic block                                                    ===
=====================================================================================
0x8048404:nop                                                               no-change
0x8048405:nop                                                               no-change
0x8048406:nop                                                               no-change
0x8048407:nop                                                               no-change
0x8048408:nop                                                               no-change
0x8048409:nop                                                               no-change
0x804840a:nop                                                               no-change
0x804840b:nop                                                               no-change
0x804840c:nop                                                               no-change
0x804840d:nop                                                               no-change
0x804840e:nop                                                               no-change
0x804840f:nop                                                               no-change
0x8048410:push   ebp
0x8048411:mov    edx, 0x08048480
0x8048416:mov    ebp, esp
0x8048418:sub    esp, 0x08
0x804841b:and    esp, 0xf0(-0x10)
0x804841e:mov    DWORD PTR ss:[esp + 0x04], edx                             no-change
0x8048422:mov    DWORD PTR ss:[esp], 0x0000000a                             no-change
0x8048429:call   0x080482f0
=====================================================================================
=== Starting a new basic block                                                    ===
=====================================================================================
0x804842e:mov    esp, ebp
0x8048430:xor    eax, eax
0x8048432:pop    ebp
0x8048433:ret    
=====================================================================================
=== Starting a new basic block                                                    ===
=====================================================================================
0x8048434:lea    esi, [esi + 0x00000000]                                    no-change
0x804843a:lea    edi, [edi + 0x00000000]                                    no-change
0x8048440:push   ebp
0x8048441:mov    ebp, esp
0x8048443:sub    esp, 0x08
0x8048446:mov    DWORD PTR ss:[esp], 0x080485d4                             no-change
0x804844d:call   0x08048300
=====================================================================================
=== Starting a new basic block                                                    ===
=====================================================================================
0x8048452:mov    esp, ebp
0x8048454:pop    ebp
0x8048455:ret    
=====================================================================================
=== Starting a new basic block                                                    ===
=====================================================================================
0x8048456:lea    esi, [esi + 0x00]                                          no-change
0x8048459:lea    edi, [edi + 0x00000000]                                    no-change
0x8048460:push   ebp
0x8048461:mov    ebp, esp
0x8048463:sub    esp, 0x08
0x8048466:mov    DWORD PTR ss:[esp], 0x080485d4                             no-change
0x804846d:call   0x08048300
=====================================================================================
=== Starting a new basic block                                                    ===
=====================================================================================
0x8048472:mov    DWORD PTR ss:[esp], 0x00000000                             no-change
0x8048479:call   0x08048320
=====================================================================================
=== Starting a new basic block                                                    ===
=====================================================================================
0x804847e:mov    esi, esi                                                   no-change
0x8048480:push   ebp
0x8048481:mov    ebp, esp
0x8048483:sub    esp, 0x08
0x8048486:inc    DWORD PTR ds:[0x080496f8]
0x804848c:mov    DWORD PTR ss:[esp], 0x080485d4                             no-change
0x8048493:call   0x08048300
=====================================================================================
=== Starting a new basic block                                                    ===
=====================================================================================
0x8048498:mov    DWORD PTR ss:[esp], 0x00000000                             no-change
0x804849f:call   0x08048320
=====================================================================================
=== Starting a new basic block                                                    ===
=====================================================================================
0x80484a4:nop                                                               no-change
0x80484a5:nop                                                               no-change
0x80484a6:nop                                                               no-change
0x80484a7:nop                                                               no-change
0x80484a8:nop                                                               no-change
0x80484a9:nop                                                               no-change
0x80484aa:nop                                                               no-change
0x80484ab:nop                                                               no-change
0x80484ac:nop                                                               no-change
0x80484ad:nop                                                               no-change
0x80484ae:nop                                                               no-change
0x80484af:nop                                                               no-change
0x80484b0:push   ebp
0x80484b1:mov    ebp, esp
0x80484b3:push   edi
0x80484b4:push   esi
0x80484b5:push   ebx
0x80484b6:sub    esp, 0x0c
0x80484b9:call   0x080484be
=====================================================================================
=== Starting a new basic block                                                    ===
=====================================================================================
0x80484be:pop    ebx
0x80484bf:add    ebx, 0x0000120a
0x80484c5:call   0x080482c8
=====================================================================================
=== Starting a new basic block                                                    ===
=====================================================================================
0x80484ca:lea    eax, [ebx + 0xffffff20(-0x000000e0)]
0x80484d0:lea    edx, [ebx + 0xffffff20(-0x000000e0)]
0x80484d6:sub    eax, edx
0x80484d8:sar    eax, 0x02
0x80484db:mov    DWORD PTR ss:[ebp + 0xf0(-0x10)], eax                      no-change
0x80484de:jne    0x080484f0                                                 no-change
=====================================================================================
=== Starting a new basic block                                                    ===
=====================================================================================
0x80484e0:add    esp, 0x0c
0x80484e3:pop    ebx
0x80484e4:pop    esi
0x80484e5:pop    edi
0x80484e6:pop    ebp
0x80484e7:ret    
=====================================================================================
=== Starting a new basic block                                                    ===
=====================================================================================
0x80484e8:nop                                                               no-change
0x80484e9:lea    esi, [esi + 0x00000000]                                    no-change
0x80484f0:xor    edi, edi
0x80484f2:mov    esi, edx
0x80484f4:lea    esi, [esi + 0x00000000]                                    no-change
0x80484fa:lea    edi, [edi + 0x00000000]                                    no-change
0x8048500:call   DWORD PTR ds:[esi]
=====================================================================================
=== Starting a new basic block                                                    ===
=====================================================================================
0x8048502:inc    edi
0x8048503:add    esi, 0x04
0x8048506:cmp    edi, DWORD PTR ss:[ebp + 0xf0(-0x10)]
0x8048509:jb     0x08048500                                                 no-change
=====================================================================================
=== Starting a new basic block                                                    ===
=====================================================================================
0x804850b:add    esp, 0x0c
0x804850e:pop    ebx
0x804850f:pop    esi
0x8048510:pop    edi
0x8048511:pop    ebp
0x8048512:ret    
=====================================================================================
=== Starting a new basic block                                                    ===
=====================================================================================
0x8048513:lea    esi, [esi + 0x00000000]                                    no-change
0x8048519:lea    edi, [edi + 0x00000000]                                    no-change
0x8048520:push   ebp
0x8048521:mov    ebp, esp
0x8048523:push   edi
0x8048524:push   esi
0x8048525:push   ebx
0x8048526:sub    esp, 0x0c
0x8048529:call   0x0804852e
=====================================================================================
=== Starting a new basic block                                                    ===
=====================================================================================
0x804852e:pop    ebx
0x804852f:add    ebx, 0x0000119a
0x8048535:lea    eax, [ebx + 0xffffff20(-0x000000e0)]
0x804853b:lea    edx, [ebx + 0xffffff20(-0x000000e0)]
0x8048541:sub    eax, edx
0x8048543:sar    eax, 0x02
0x8048546:mov    DWORD PTR ss:[ebp + 0xf0(-0x10)], eax                      no-change
0x8048549:dec    eax
0x804854a:cmp    eax, 0xff(-0x01)
0x804854d:je     0x0804856b                                                 no-change
=====================================================================================
=== Starting a new basic block                                                    ===
=====================================================================================
0x804854f:lea    esi, [edx + eax*0x04]
0x8048552:xor    edi, edi
0x8048554:lea    esi, [esi + 0x00000000]                                    no-change
0x804855a:lea    edi, [edi + 0x00000000]                                    no-change
0x8048560:call   DWORD PTR ds:[esi]
=====================================================================================
=== Starting a new basic block                                                    ===
=====================================================================================
0x8048562:inc    edi
0x8048563:sub    esi, 0x04
0x8048566:cmp    DWORD PTR ss:[ebp + 0xf0(-0x10)], edi
0x8048569:jne    0x08048560                                                 no-change
=====================================================================================
=== Starting a new basic block                                                    ===
=====================================================================================
0x804856b:call   0x080485b0
=====================================================================================
=== Starting a new basic block                                                    ===
=====================================================================================
0x8048570:add    esp, 0x0c
0x8048573:pop    ebx
0x8048574:pop    esi
0x8048575:pop    edi
0x8048576:pop    ebp
0x8048577:ret    
=====================================================================================
=== Starting a new basic block                                                    ===
=====================================================================================
0x8048578:nop                                                               no-change
0x8048579:nop                                                               no-change
0x804857a:nop                                                               no-change
0x804857b:nop                                                               no-change
0x804857c:nop                                                               no-change
0x804857d:nop                                                               no-change
0x804857e:nop                                                               no-change
0x804857f:nop                                                               no-change
0x8048580:push   ebp
0x8048581:mov    ebp, esp
0x8048583:push   ebx
0x8048584:sub    esp, 0x04
0x8048587:mov    ebx, 0x080495e8
0x804858c:mov    eax, DWORD PTR ds:[0x080495e8]
0x8048591:cmp    eax, 0xff(-0x01)
0x8048594:je     0x080485ac                                                 no-change
=====================================================================================
=== Starting a new basic block                                                    ===
=====================================================================================
0x8048596:lea    esi, [esi + 0x00]                                          no-change
0x8048599:lea    edi, [edi + 0x00000000]                                    no-change
0x80485a0:sub    ebx, 0x04
0x80485a3:call   eax
=====================================================================================
=== Starting a new basic block                                                    ===
=====================================================================================
0x80485a5:mov    eax, DWORD PTR ds:[ebx]
0x80485a7:cmp    eax, 0xff(-0x01)
0x80485aa:jne    0x080485a0                                                 no-change
=====================================================================================
=== Starting a new basic block                                                    ===
=====================================================================================
0x80485ac:pop    eax
0x80485ad:pop    ebx
0x80485ae:pop    ebp
0x80485af:ret    
=====================================================================================
=== Starting a new basic block                                                    ===
=====================================================================================
0x80485b0:push   ebp
0x80485b1:mov    ebp, esp
0x80485b3:push   ebx
0x80485b4:push   eax
0x80485b5:call   0x080485ba
=====================================================================================
=== Starting a new basic block                                                    ===
=====================================================================================
0x80485ba:pop    ebx
0x80485bb:add    ebx, 0x0000110e
0x80485c1:call   0x08048390
=====================================================================================
=== Starting a new basic block                                                    ===
=====================================================================================
0x80485c6:pop    eax
0x80485c7:pop    ebx
0x80485c8:leave  
0x80485c9:ret    
analyzed headers: 1
