Anlyzing pointers in this function:
0x0804839e: ================================== Function (symbol, pattern) <simple01>

0x0804839e: Basic block reasons: entry point, graph-1
0x0804839e: 55                      |U       |   push   ebp
0x0804839f: 89 e5                   |..      |   mov    ebp, esp
0x080483a1: 8b 45 08                |.E.     |   mov    eax, DWORD PTR ss:[ebp + 0x08]
0x080483a4: 5d                      |]       |   pop    ebp
0x080483a5: c3                      |.       |   ret    
0x080483a5: Successor blocks: unknown

Not using Yices SMT solver
